// Jest Snapshot v1, https://goo.gl/fbAQLP

exports[`Register renders correctly 1`] = `
<div>
  <h3>
    Register user
  </h3>
  <form>
    <div
      className="mb-3"
    >
      <label
        htmlFor="name"
      >
        Name
        <input
          id="name"
          name="name"
          onChange={[Function]}
          placeholder="Enter name"
          type="text"
        />
      </label>
    </div>
    <div
      className="mb-3"
    >
      <label
        htmlFor="username"
      >
        username
        <input
          id="username"
          name="username"
          onChange={[Function]}
          placeholder="Enter username"
          type="text"
        />
      </label>
    </div>
    <div
      className="mb-3"
    >
      <label
        htmlFor="email"
      >
        Email address
        <input
          id="email"
          name="email"
          onChange={[Function]}
          placeholder="Enter email"
          type="email"
        />
      </label>
    </div>
    <div
      className="mb-3"
    >
      <label
        htmlFor="password"
      >
        Password
        <input
          id="password"
          name="password"
          onChange={[Function]}
          placeholder="Password"
          type="password"
        />
      </label>
    </div>
    <div
      className="mb-3"
    >
      <label
        htmlFor="password_confirmation"
      >
        Password confirmation
        <input
          id="password_confirmation"
          name="password_confirmation"
          onChange={[Function]}
          placeholder="Password Confirmation"
          type="password"
        />
      </label>
    </div>
    <button
      onClick={[Function]}
      type="submit"
    >
      sign up
    </button>
  </form>
</div>
`;
